// Jest Snapshot v1, https://goo.gl/fbAQLP

exports[`should render ExpenseListItem correctly 1`] = `
<Link
  className="list-item"
  replace={false}
  to="/edit/2"
>
  <div>
    <h3
      className="list-item__title"
    >
      Rent
    </h3>
    <span
      className="list-item__subtitle"
    >
      December 27th, 1969
    </span>
  </div>
  <h3
    className="list-item__data"
  >
    $45.00
  </h3>
  <div>
    <button
      className="button button--secondary"
      onClick={[Function]}
    >
      x
    </button>
  </div>
</Link>
`;
